# Ø¯Ù„ÙŠÙ„ Ø§Ù„Ø£Ù…Ø«Ù„Ø© Ø§Ù„Ø¹Ù…Ù„ÙŠØ© - Ù†Ø¸Ø§Ù… V5
## Ø£Ù…Ø«Ù„Ø© ÙˆØ§Ù‚Ø¹ÙŠØ© Ù…Ø¹ Ù„Ù‚Ø·Ø§Øª Ø´Ø§Ø´Ø© Ù†ØµÙŠØ©

---

## ğŸ“‹ Ø§Ù„Ù…Ø­ØªÙˆÙŠØ§Øª

1. [Ø¥Ø¹Ø¯Ø§Ø¯ Ø£ÙˆÙ„ÙŠ ÙƒØ§Ù…Ù„ Ù„Ù„Ù…Ø´Ø±ÙˆØ¹](#-Ø¥Ø¹Ø¯Ø§Ø¯-Ø£ÙˆÙ„Ù‰-ÙƒØ§Ù…Ù„-Ù„Ù„Ù…Ø´Ø±ÙˆØ¹)
2. [ØªØ´ØºÙŠÙ„ Ø§Ù„Ù†Ø¸Ø§Ù… ÙˆØ§Ù„Ø®Ø¯Ù…Ø§Øª](#-ØªØ´ØºÙŠÙ„-Ø§Ù„Ù†Ø¸Ø§Ù…-ÙˆØ§Ù„Ø®Ø¯Ù…Ø§Øª)
3. [Ø§Ø®ØªØ¨Ø§Ø± Ø§Ù„ÙˆØ¸Ø§Ø¦Ù Ø§Ù„Ø£Ø³Ø§Ø³ÙŠØ©](#-Ø§Ø®ØªØ¨Ø§Ø±-Ø§Ù„ÙˆØ¸Ø§Ø¦Ù-Ø§Ù„Ø£Ø³Ø§Ø³ÙŠØ©)
4. [Ø§Ø³ØªÙƒØ´Ø§Ù Ù„ÙˆØ­Ø© Ø§Ù„Ø¥Ø¯Ø§Ø±Ø©](#-Ø§Ø³ØªÙƒØ´Ø§Ù-Ù„ÙˆØ­Ø©-Ø§Ù„Ø¥Ø¯Ø§Ø±Ø©)
5. [ÙØ­Øµ API ÙˆØ§Ù„Ø®Ø¯Ù…Ø§Øª](#-ÙØ­Øµ-api-ÙˆØ§Ù„Ø®Ø¯Ù…Ø§Øª)
6. [Ø­Ù„ Ù…Ø´Ø§ÙƒÙ„ Ø­Ù‚ÙŠÙ‚ÙŠØ©](#-Ø­Ù„-Ù…Ø´Ø§ÙƒÙ„-Ø­Ù‚ÙŠÙ‚ÙŠØ©)
7. [Ù…Ø±Ø§Ù‚Ø¨Ø© Ø§Ù„Ø£Ø¯Ø§Ø¡](#-Ù…Ø±Ø§Ù‚Ø¨Ø©-Ø§Ù„Ø£Ø¯Ø§Ø¡)
8. [ÙØ­Øµ Ø§Ù„Ø£Ù…Ø§Ù†](#-ÙØ­Øµ-Ø§Ù„Ø£Ù…Ø§Ù†)
9. [Ø¥Ù†Ø´Ø§Ø¡ Ø¨ÙŠØ§Ù†Ø§Øª ØªØ¬Ø±ÙŠØ¨ÙŠØ©](#-Ø¥Ù†Ø´Ø§Ø¡-Ø¨ÙŠØ§Ù†Ø§Øª-ØªØ¬Ø±ÙŠØ¨ÙŠØ©)
10. [Ù…Ø«Ø§Ù„ Ø´Ø§Ù…Ù„ Ù„Ù„Ø§Ø³ØªØ®Ø¯Ø§Ù…](#-Ù…Ø«Ø§Ù„-Ø´Ø§Ù…Ù„-Ù„Ù„Ø§Ø³ØªØ®Ø¯Ø§Ù…)

---

## ğŸ—ï¸ Ø¥Ø¹Ø¯Ø§Ø¯ Ø£ÙˆÙ„ÙŠ ÙƒØ§Ù…Ù„ Ù„Ù„Ù…Ø´Ø±ÙˆØ¹

### Ù…Ø«Ø§Ù„ Ø¹Ù…Ù„ÙŠ: Ø§Ù„Ø¥Ø¹Ø¯Ø§Ø¯ Ù…Ù† Ø§Ù„ØµÙØ±

```bash
â•â•â•â•â•â•â•â•â•â•â•â•â•â•â•â•â•â•â•â•â•â•â•â•â•â•â•â•â•â•â•â•â•â•â•â•â•â•â•â•â•â•â•â•â•â•â•â•â•â•â•â•â•â•â•â•â•â•â•â•â•â•â•
                    ğŸš€ Ø¨Ø¯Ø§ÙŠØ© Ø¥Ø¹Ø¯Ø§Ø¯ Ù…Ø´Ø±ÙˆØ¹ V5
â•â•â•â•â•â•â•â•â•â•â•â•â•â•â•â•â•â•â•â•â•â•â•â•â•â•â•â•â•â•â•â•â•â•â•â•â•â•â•â•â•â•â•â•â•â•â•â•â•â•â•â•â•â•â•â•â•â•â•â•â•â•â•

$ uname -a
Linux v5-server 5.15.0-78-generic #85-Ubuntu SMP Fri Jul 7 15:25:09 UTC 2023 x86_64 x86_64 x86_64 GNU/Linux

$ php -v
PHP 8.2.10 (cli) (built: Aug 24 2023 11:18:11) (NTS)
Copyright (c) The PHP Group
Zend Engine v4.2.10, Copyright (c) Zend Technologies
    with Zend OPcache v8.2.10, Copyright (c), by Zend Technologies

$ composer --version
Composer version 2.6.5 2023-09-21 11:44:59

$ node -v
v20.9.0

$ npm -v
10.1.0
```

### 1. ØªØ­Ù…ÙŠÙ„ ÙˆØ¥Ø¹Ø¯Ø§Ø¯ Ø§Ù„Ù…Ø´Ø±ÙˆØ¹

```bash
$ git clone https://github.com/company/v5-sales-system.git v5-project
Cloning into 'v5-project'...
remote: Enumerating objects: 1245, done.
remote: Counting objects: 100% (245/245), done.
remote: Compressing objects: 100% (180/180), done.
remote: Total 1245 (delta 65), reused 0 (delta 0), pack-reused 1000
Receiving objects: 100% (1245/1245), 12.35 MiB | 2.45 MiB/s, done.
Resolving deltas: 100% (567/567), done.

$ cd v5-project

$ ls -la
total 28
drwxr-xr-x  4 user user 4096 Aug 15 10:30 .
drwxr-xr-x  6 user user 4096 Aug 15 10:30 ..
-rw-r--r-- 1 user user  147 Aug 15 10:30 composer.json
-rw-r--r-- 1 user user  156 Aug 15 10:30 .env.example
-rw-r--r-- 1 user user   23 Aug 15 10:30 .gitignore
drwxr-xr-x  7 user user 4096 Aug 15 10:30 app
drwxr-xr-x  3 user user 4096 Aug 15 10:30 config
drwxr-xr-x  2 user user 4096 Aug 15 10:30 database
...
```

### 2. Ø¥Ø¹Ø¯Ø§Ø¯ Ù…Ù„Ù Ø§Ù„Ø¨ÙŠØ¦Ø©

```bash
$ cp .env.example .env

$ cat .env | head -20
APP_NAME=Laravel
APP_ENV=local
APP_KEY=
APP_DEBUG=true
APP_URL=http://localhost:8000
DB_CONNECTION=mysql
DB_HOST=127.0.0.1
DB_PORT=3306
DB_DATABASE=v5_development
DB_USERNAME=v5_user
DB_PASSWORD=

$ cat > .env << 'EOF'
APP_NAME="V5 Sales System"
APP_ENV=local
APP_KEY=
APP_DEBUG=true
APP_URL=http://localhost:8000
APP_TIMEZONE=Asia/Damascus

DB_CONNECTION=mysql
DB_HOST=127.0.0.1
DB_PORT=3306
DB_DATABASE=v5_development
DB_USERNAME=v5_user
DB_PASSWORD=v5_dev_password_123

CACHE_DRIVER=file
SESSION_DRIVER=file
QUEUE_CONNECTION=sync

LOG_LEVEL=debug
EOF
```

### 3. ØªØ«Ø¨ÙŠØª Ø§Ù„ØªØ¨Ø¹ÙŠØ§Øª

```bash
$ composer install
Loading composer repositories with package information
Installing dependencies (including require-dev) from lock file
Nothing to install or update
Generating autoload files
Generated autoload files (1274 used files)
Package operations: 45 installs, 0 updates, 0 removals
  - Installing laravel/framework (v11.15.0): Downloading (100%)
  - Installing filament/filament (v4.1.50): Downloading (100%)
  - Installing spatie/laravel-permission (v6.3.0): Downloading (100%)
  - Installing backpack/crud (v6.8.0): Downloading (100%)
...
45 packages you are using are looking for funding.
Use the `composer fund` command to find out more!

$ npm install

added 1256 packages in 45.6s

145 packages are looking for funding
  run `npm fund` for details
```

### 4. Ø¥Ø¹Ø¯Ø§Ø¯ Ù‚Ø§Ø¹Ø¯Ø© Ø§Ù„Ø¨ÙŠØ§Ù†Ø§Øª

```bash
$ mysql -u root -p
Enter password: ********

mysql> CREATE DATABASE v5_development;
Query OK, 1 row affected (0.05 sec)

mysql> CREATE USER 'v5_user'@'localhost' IDENTIFIED BY 'v5_dev_password_123';
Query OK, 0 rows affected (0.12 sec)

mysql> GRANT ALL PRIVILEGES ON v5_development.* TO 'v5_user'@'localhost';
Query OK, 0 rows affected (0.08 sec)

mysql> FLUSH PRIVILEGES;
Query OK, 0 rows affected (0.06 sec)

mysql> EXIT;
Bye

$ php artisan key:generate
Application key set successfully.

$ php artisan migrate
INFO  Running migrations.  
  2024_01_01_000000_create_users_table ................. 45ms  DONE
  2024_01_01_000001_add_username_to_users_table ......... 23ms  DONE
  2024_01_01_000002_create_permission_tables ............ 67ms  DONE
  2024_01_01_000003_create_categories_table ............. 34ms  DONE
  2024_01_01_000004_create_products_table ............... 56ms  DONE
  2024_01_01_000005_create_orders_table ................. 43ms  DONE
  2024_01_01_000006_create_order_items_table ............ 29ms  DONE
  2024_01_01_000007_create_customers_table .............. 31ms  DONE
  2024_01_01_000008_create_suppliers_table .............. 25ms  DONE
  2024_01_01_000009_create_invoices_table ............... 37ms  DONE

10 migrations have been run.  
```

### 5. Ø¥Ù†Ø´Ø§Ø¡ Ø§Ù„Ø¨ÙŠØ§Ù†Ø§Øª Ø§Ù„ØªØ¬Ø±ÙŠØ¨ÙŠØ©

```bash
$ php artisan db:seed
Database seeding completed successfully.

$ php artisan storage:link
The [public/storage] link has been created.

$ ls -la public/storage
lrwxrwxrwx 1 user user 42 Jan  1 12:00 storage -> /path/to/project/storage/app/public

$ chmod -R 775 storage/
$ chmod -R 775 bootstrap/cache/
```

---

## ğŸš€ ØªØ´ØºÙŠÙ„ Ø§Ù„Ù†Ø¸Ø§Ù… ÙˆØ§Ù„Ø®Ø¯Ù…Ø§Øª

### 1. Ø§Ù„ØªØ´ØºÙŠÙ„ Ø¨Ø§Ø³ØªØ®Ø¯Ø§Ù… Ø§Ù„Ø³ÙƒØ±ÙŠØ¨Øª

```bash
$ ./start-local.sh

â•â•â•â•â•â•â•â•â•â•â•â•â•â•â•â•â•â•â•â•â•â•â•â•â•â•â•â•â•â•â•â•â•â•â•â•â•â•â•â•â•â•â•â•â•â•â•â•â•â•â•â•â•â•â•â•â•â•â•â•â•â•â•
                    ÙØ­Øµ Ø§Ù„Ù…ØªØ·Ù„Ø¨Ø§Øª Ø§Ù„Ø£Ø³Ø§Ø³ÙŠØ©
â•â•â•â•â•â•â•â•â•â•â•â•â•â•â•â•â•â•â•â•â•â•â•â•â•â•â•â•â•â•â•â•â•â•â•â•â•â•â•â•â•â•â•â•â•â•â•â•â•â•â•â•â•â•â•â•â•â•â•â•â•â•â•
ğŸ”„ ÙØ­Øµ PHP...
âœ… PHP is installed: 8.2.10
ğŸ”„ ÙØ­Øµ Composer...
âœ… Composer is installed: Composer version 2.6.5
ğŸ”„ ÙØ­Øµ Node.js...
âœ… Node.js is installed: v20.9.0
ğŸ”„ ÙØ­Øµ npm...
âœ… npm is installed: 10.1.0
ğŸ”„ ÙØ­Øµ MySQL...
âœ… MySQL client is available
ğŸ”„ ÙØ­Øµ Redis...
âš ï¸ Redis client not found. Redis is optional for development.
âœ… All requirements are satisfied!

â•â•â•â•â•â•â•â•â•â•â•â•â•â•â•â•â•â•â•â•â•â•â•â•â•â•â•â•â•â•â•â•â•â•â•â•â•â•â•â•â•â•â•â•â•â•â•â•â•â•â•â•â•â•â•â•â•â•â•â•â•â•â•
                    Ø¥Ø¹Ø¯Ø§Ø¯ Ù…Ù„Ù Ø§Ù„Ø¨ÙŠØ¦Ø©
â•â•â•â•â•â•â•â•â•â•â•â•â•â•â•â•â•â•â•â•â•â•â•â•â•â•â•â•â•â•â•â•â•â•â•â•â•â•â•â•â•â•â•â•â•â•â•â•â•â•â•â•â•â•â•â•â•â•â•â•â•â•â•
â„¹ï¸ Ù…Ù„Ù Ø§Ù„Ø¨ÙŠØ¦Ø© Ù…ÙˆØ¬ÙˆØ¯ Ø¨Ø§Ù„ÙØ¹Ù„ / Environment file already exists
ğŸ”„ ØªØ­Ø¯ÙŠØ« Ø¥Ø¹Ø¯Ø§Ø¯Ø§Øª Ø§Ù„ØªØ·ÙˆÙŠØ±...
âœ… Ø¥Ø¹Ø¯Ø§Ø¯Ø§Øª Ø§Ù„ØªØ·ÙˆÙŠØ± ØªÙ… ØªØ­Ø¯ÙŠØ«Ù‡Ø§ / Development settings updated

â•â•â•â•â•â•â•â•â•â•â•â•â•â•â•â•â•â•â•â•â•â•â•â•â•â•â•â•â•â•â•â•â•â•â•â•â•â•â•â•â•â•â•â•â•â•â•â•â•â•â•â•â•â•â•â•â•â•â•â•â•â•â•
                    ØªØ«Ø¨ÙŠØª Ø§Ù„ØªØ¨Ø¹ÙŠØ§Øª
â•â•â•â•â•â•â•â•â•â•â•â•â•â•â•â•â•â•â•â•â•â•â•â•â•â•â•â•â•â•â•â•â•â•â•â•â•â•â•â•â•â•â•â•â•â•â•â•â•â•â•â•â•â•â•â•â•â•â•â•â•â•â•
ğŸ”„ ØªØ«Ø¨ÙŠØª Composer dependencies
âœ… Composer dependencies installed successfully
ğŸ”„ ØªØ«Ø¨ÙŠØª npm dependencies
âœ… npm dependencies installed successfully

â•â•â•â•â•â•â•â•â•â•â•â•â•â•â•â•â•â•â•â•â•â•â•â•â•â•â•â•â•â•â•â•â•â•â•â•â•â•â•â•â•â•â•â•â•â•â•â•â•â•â•â•â•â•â•â•â•â•â•â•â•â•â•
                    Ø¥Ø¹Ø¯Ø§Ø¯ Ù‚Ø§Ø¹Ø¯Ø© Ø§Ù„Ø¨ÙŠØ§Ù†Ø§Øª
â•â•â•â•â•â•â•â•â•â•â•â•â•â•â•â•â•â•â•â•â•â•â•â•â•â•â•â•â•â•â•â•â•â•â•â•â•â•â•â•â•â•â•â•â•â•â•â•â•â•â•â•â•â•â•â•â•â•â•â•â•â•â•
ğŸ”„ ØªÙˆÙ„ÙŠØ¯ Ù…ÙØªØ§Ø­ Ø§Ù„ØªØ·Ø¨ÙŠÙ‚...
âœ… Ù…ÙØªØ§Ø­ Ø§Ù„ØªØ·Ø¨ÙŠÙ‚ ØªÙ… ØªÙˆÙ„ÙŠØ¯Ù‡ / Application key generated
ğŸ”„ ØªØ´ØºÙŠÙ„ migrations...
âœ… Database migrations completed
ğŸ”„ Ø¥Ù†Ø´Ø§Ø¡ Ø±Ø§Ø¨Ø· Ø§Ù„ØªØ®Ø²ÙŠÙ†...
âœ… Ø±Ø§Ø¨Ø· Ø§Ù„ØªØ®Ø²ÙŠÙ† ØªÙ… Ø¥Ù†Ø´Ø§Ø¤Ù‡ / Storage link created
ğŸ”„ Ù…Ø³Ø­ Ø§Ù„ÙƒØ§Ø´...
âœ… Ø§Ù„ÙƒØ§Ø´ ØªÙ… Ù…Ø³Ø­Ù‡ / Cache cleared

â•â•â•â•â•â•â•â•â•â•â•â•â•â•â•â•â•â•â•â•â•â•â•â•â•â•â•â•â•â•â•â•â•â•â•â•â•â•â•â•â•â•â•â•â•â•â•â•â•â•â•â•â•â•â•â•â•â•â•â•â•â•â•
                    Ø¥Ù†Ø´Ø§Ø¡ Ø§Ù„Ø¨ÙŠØ§Ù†Ø§Øª Ø§Ù„ØªØ¬Ø±ÙŠØ¨ÙŠØ©
â•â•â•â•â•â•â•â•â•â•â•â•â•â•â•â•â•â•â•â•â•â•â•â•â•â•â•â•â•â•â•â•â•â•â•â•â•â•â•â•â•â•â•â•â•â•â•â•â•â•â•â•â•â•â•â•â•â•â•â•â•â•â•
ğŸ”„ ØªØ´ØºÙŠÙ„ Ø³ÙƒØ±ÙŠÙ¾Øª Ø¥Ù†Ø´Ø§Ø¡ Ø§Ù„Ù…Ø³ØªØ®Ø¯Ù…ÙŠÙ†...
âœ… Ø§Ù„Ù…Ø³ØªØ®Ø¯Ù…ÙŠÙ† Ø§Ù„ØªØ¬Ø±ÙŠØ¨ÙŠÙŠÙ† ØªÙ… Ø¥Ù†Ø´Ø§Ø¤Ù‡Ù… / Test users created
ğŸ”„ ØªØ´ØºÙŠÙ„ seeders Ø¥Ø¶Ø§ÙÙŠØ©...
âœ… Ø§Ù„Ø¨ÙŠØ§Ù†Ø§Øª Ø§Ù„ØªØ¬Ø±ÙŠØ¨ÙŠØ© ØªÙ… Ø¥Ù†Ø´Ø§Ø¤Ù‡Ø§ / Test data created

â•â•â•â•â•â•â•â•â•â•â•â•â•â•â•â•â•â•â•â•â•â•â•â•â•â•â•â•â•â•â•â•â•â•â•â•â•â•â•â•â•â•â•â•â•â•â•â•â•â•â•â•â•â•â•â•â•â•â•â•â•â•â•
                    Ø¨Ù†Ø§Ø¡ Frontend
â•â•â•â•â•â•â•â•â•â•â•â•â•â•â•â•â•â•â•â•â•â•â•â•â•â•â•â•â•â•â•â•â•â•â•â•â•â•â•â•â•â•â•â•â•â•â•â•â•â•â•â•â•â•â•â•â•â•â•â•â•â•â•
ğŸ”„ Ø¨Ù†Ø§Ø¡ Ù…Ù„ÙØ§Øª Ø§Ù„Ø¥Ù†ØªØ§Ø¬...
âœ… Frontend build completed successfully

â•â•â•â•â•â•â•â•â•â•â•â•â•â•â•â•â•â•â•â•â•â•â•â•â•â•â•â•â•â•â•â•â•â•â•â•â•â•â•â•â•â•â•â•â•â•â•â•â•â•â•â•â•â•â•â•â•â•â•â•â•â•â•
                    Ø¨Ø¯Ø¡ Ø§Ù„Ø®ÙˆØ§Ø¯Ù…
â•â•â•â•â•â•â•â•â•â•â•â•â•â•â•â•â•â•â•â•â•â•â•â•â•â•â•â•â•â•â•â•â•â•â•â•â•â•â•â•â•â•â•â•â•â•â•â•â•â•â•â•â•â•â•â•â•â•â•â•â•â•â•
âœ… Ø§Ù„Ø®ÙˆØ§Ø¯Ù… Ø¬Ø§Ù‡Ø²Ø© Ù„Ù„Ø¨Ø¯Ø¡ / Servers ready to start

ğŸŒ Laravel Server: http://localhost:8000
âš¡ Vite Dev Server: http://localhost:5173

â„¹ï¸ Ù„Ù„Ø¥ÙŠÙ‚Ø§Ù Ø§Ø¶ØºØ· Ctrl+C / Press Ctrl+C to stop

[Laravel]   Laravel development server started: http://127.0.0.1:8000
[Vite]      Vite is building...
[Vite]      Vite built in 450ms
[Vite]      Local:   http://localhost:5173/
[Vite]      Network: http://192.168.1.100:5173/
[Queue]     INFO  Processing jobs from the [default] queue.
```

### 2. Ø§Ù„ØªØ´ØºÙŠÙ„ Ø§Ù„ÙŠØ¯ÙˆÙŠ

```bash
$ php artisan serve --host=0.0.0.0 --port=8000
Laravel development server started: http://127.0.0.1:8000

// ÙÙŠ terminal Ø¢Ø®Ø±
$ npm run dev

  VITE v5.0.0  ready in 320 ms

  âœ  Local:   http://localhost:5173/
  âœ  Network: http://192.168.1.100:5173/

  press h + enter to show help
```

### 3. ÙØ­Øµ Ø­Ø§Ù„Ø© Ø§Ù„Ø®ÙˆØ§Ø¯Ù…

```bash
$ netstat -tulpn | grep -E ":8000|:5173"
tcp6  0  0  0.0.0.0:8000  :::*  LISTEN  12345/php
tcp6  0  0  0.0.0.0:5173  :::*  LISTEN  12346/node

$ curl -I http://localhost:8000
HTTP/1.1 200 OK
Date: Mon, 01 Jan 2024 12:00:00 GMT
Server: Laravel
Content-Type: text/html; charset=UTF-8
Cache-Control: no-cache, private
X-Frame-Options: SAMEORIGIN
X-Content-Type-Options: nosniff
X-XSS-Protection: 1; mode=block

$ curl -I http://localhost:5173
HTTP/1.1 200 OK
Date: Mon, 01 Jan 2024 12:00:00 GMT
Server: Vite
Content-Type: text/html; charset=UTF-8
```

---

## âœ… Ø§Ø®ØªØ¨Ø§Ø± Ø§Ù„ÙˆØ¸Ø§Ø¦Ù Ø§Ù„Ø£Ø³Ø§Ø³ÙŠØ©

### 1. ÙØ­Øµ Health Check

```bash
$ curl http://localhost:8000/health
{
  "status": "healthy",
  "timestamp": "2024-01-01T12:00:00Z",
  "version": "1.0.0",
  "environment": "local",
  "services": {
    "database": "connected",
    "cache": "operational",
    "queue": "running"
  },
  "memory_usage": "45.2 MB",
  "uptime": "2 hours 15 minutes"
}
```

### 2. Ø§Ø®ØªØ¨Ø§Ø± Authentication

```bash
$ curl -X POST http://localhost:8000/api/login \
  -H "Content-Type: application/json" \
  -d '{
    "email": "admin@v5-system.com",
    "password": "admin123"
  }'

{
  "message": "ØªÙ… ØªØ³Ø¬ÙŠÙ„ Ø§Ù„Ø¯Ø®ÙˆÙ„ Ø¨Ù†Ø¬Ø§Ø­",
  "user": {
    "id": 1,
    "name": "Ù…Ø¯ÙŠØ± Ø§Ù„Ù†Ø¸Ø§Ù…",
    "email": "admin@v5-system.com",
    "username": "admin",
    "role": "super_admin"
  },
  "token": "1|abc123def456ghi789jkl",
  "expires_at": "2024-01-01T14:00:00Z"
}
```

### 3. Ø§Ø®ØªØ¨Ø§Ø± API

```bash
$ curl -H "Authorization: Bearer 1|abc123def456ghi789jkl" \
  http://localhost:8000/api/users

{
  "data": [
    {
      "id": 1,
      "name": "Ù…Ø¯ÙŠØ± Ø§Ù„Ù†Ø¸Ø§Ù…",
      "email": "admin@v5-system.com",
      "username": "admin",
      "role": "super_admin",
      "status": "active",
      "created_at": "2024-01-01T10:00:00Z"
    },
    {
      "id": 2,
      "name": "Ù…Ø·ÙˆØ± Ø§Ù„Ù†Ø¸Ø§Ù…",
      "email": "dev@v5-system.com",
      "username": "dev",
      "role": "developer",
      "status": "active",
      "created_at": "2024-01-01T10:30:00Z"
    }
  ],
  "meta": {
    "current_page": 1,
    "per_page": 15,
    "total": 2,
    "last_page": 1
  }
}
```

### 4. Ø§Ø®ØªØ¨Ø§Ø± Ù‚Ø§Ø¹Ø¯Ø© Ø§Ù„Ø¨ÙŠØ§Ù†Ø§Øª

```bash
$ php artisan tinker
Psy Shell v0.11.17 (PHP 8.2.10) by Justin Hileman

>>> User::count();
=> 5

>>> User::where('role', 'admin')->get();
=> Illuminate\Database\Eloquent\Collection {#4752
     all: [
       App\Models\User {#4753
         "id": 1,
         "name": "Ù…Ø¯ÙŠØ± Ø§Ù„Ù†Ø¸Ø§Ù…",
         "email": "admin@v5-system.com",
         "username": "admin",
         "role": "admin",
         "status": "active",
       },
     ],
   }

>>> Product::count();
=> 25

>>> Order::where('status', 'pending')->count();
=> 8
```

### 5. Ø§Ø®ØªØ¨Ø§Ø± Ø§Ù„ØªØ®Ø²ÙŠÙ†

```bash
$ ls -la public/storage/
lrwxrwxrwx 1 user user 42 Jan  1 12:00 storage -> /path/to/project/storage/app/public

$ php artisan storage:link
The [public/storage] link has been created.

$ touch storage/app/public/test.txt
$ echo "test content" > storage/app/public/test.txt

$ curl http://localhost:8000/storage/test.txt
test content
```

---

## ğŸ›ï¸ Ø§Ø³ØªÙƒØ´Ø§Ù Ù„ÙˆØ­Ø© Ø§Ù„Ø¥Ø¯Ø§Ø±Ø©

### 1. ÙØªØ­ Ù„ÙˆØ­Ø© Ø§Ù„Ø¥Ø¯Ø§Ø±Ø©

```
# ÙÙŠ Ø§Ù„Ù…ØªØµÙØ­:
# Ø§Ø°Ù‡Ø¨ Ø¥Ù„Ù‰: http://localhost:8000/admin
# Ø£Ùˆ: http://127.0.0.1:8000/admin
```

### 2. ØªØ³Ø¬ÙŠÙ„ Ø§Ù„Ø¯Ø®ÙˆÙ„ Ù„Ù„ÙˆØ­Ø© Ø§Ù„Ø¥Ø¯Ø§Ø±Ø©

```
â”Œâ”€â”€â”€â”€â”€â”€â”€â”€â”€â”€â”€â”€â”€â”€â”€â”€â”€â”€â”€â”€â”€â”€â”€â”€â”€â”€â”€â”€â”€â”€â”€â”€â”€â”€â”€â”€â”€â”€â”€â”€â”€â”€â”€â”€â”€â”€â”€â”€â”€â”€â”€â”€â”€â”€â”€â”€â”€â”€â”€â”€â”€â”
                    ğŸ” ØªØ³Ø¬ÙŠÙ„ Ø§Ù„Ø¯Ø®ÙˆÙ„
â”œâ”€â”€â”€â”€â”€â”€â”€â”€â”€â”€â”€â”€â”€â”€â”€â”€â”€â”€â”€â”€â”€â”€â”€â”€â”€â”€â”€â”€â”€â”€â”€â”€â”€â”€â”€â”€â”€â”€â”€â”€â”€â”€â”€â”€â”€â”€â”€â”€â”€â”€â”€â”€â”€â”€â”€â”€â”€â”€â”€â”€â”€â”¤
â”‚ Ø§Ù„Ø¨Ø±ÙŠØ¯ Ø§Ù„Ø¥Ù„ÙƒØªØ±ÙˆÙ†ÙŠ: admin@v5-system.com                    â”‚
â”‚ ÙƒÙ„Ù…Ø© Ø§Ù„Ù…Ø±ÙˆØ±:     â€¢â€¢â€¢â€¢â€¢â€¢â€¢â€¢                                  â”‚
â”‚                                                           â”‚
â”‚ [x] ØªØ°ÙƒØ±Ù†ÙŠ                                                â”‚
â”‚                                                           â”‚
â”‚                    [ ØªØ³Ø¬ÙŠÙ„ Ø§Ù„Ø¯Ø®ÙˆÙ„ ]                       â”‚
â”‚                                                           â”‚
â”‚ â“ Ù†Ø³ÙŠØª ÙƒÙ„Ù…Ø© Ø§Ù„Ù…Ø±ÙˆØ±ØŸ | Ø¥Ù†Ø´Ø§Ø¡ Ø­Ø³Ø§Ø¨ Ø¬Ø¯ÙŠØ¯ØŸ                  â”‚
â””â”€â”€â”€â”€â”€â”€â”€â”€â”€â”€â”€â”€â”€â”€â”€â”€â”€â”€â”€â”€â”€â”€â”€â”€â”€â”€â”€â”€â”€â”€â”€â”€â”€â”€â”€â”€â”€â”€â”€â”€â”€â”€â”€â”€â”€â”€â”€â”€â”€â”€â”€â”€â”€â”€â”€â”€â”€â”€â”€â”€â”€â”˜
```

### 3. Ø§Ù„ØµÙØ­Ø© Ø§Ù„Ø±Ø¦ÙŠØ³ÙŠØ© Ù„Ù„ÙˆØ­Ø© Ø§Ù„Ø¥Ø¯Ø§Ø±Ø©

```
â”Œâ”€â”€â”€â”€â”€â”€â”€â”€â”€â”€â”€â”€â”€â”€â”€â”€â”€â”€â”€â”€â”€â”€â”€â”€â”€â”€â”€â”€â”€â”€â”€â”€â”€â”€â”€â”€â”€â”€â”€â”€â”€â”€â”€â”€â”€â”€â”€â”€â”€â”€â”€â”€â”€â”€â”€â”€â”€â”€â”€â”€â”€â”
            ğŸ“Š V5 Sales System - Dashboard
â”œâ”€â”€â”€â”€â”€â”€â”€â”€â”€â”€â”€â”€â”€â”€â”€â”€â”€â”€â”€â”€â”€â”€â”€â”€â”€â”€â”€â”€â”€â”€â”€â”€â”€â”€â”€â”€â”€â”€â”€â”€â”€â”€â”€â”€â”€â”€â”€â”€â”€â”€â”€â”€â”€â”€â”€â”€â”€â”€â”€â”€â”€â”¤
â”‚ ğŸ‘¤ Ù…Ø±Ø­Ø¨Ø§Ù‹ØŒ Ù…Ø¯ÙŠØ± Ø§Ù„Ù†Ø¸Ø§Ù…         ğŸ”” Ø¥Ø´Ø¹Ø§Ø±Ø§Øª (3)  âš™ï¸ Ø¥Ø¹Ø¯Ø§Ø¯Ø§Øª    â”‚
â”œâ”€â”€â”€â”€â”€â”€â”€â”€â”€â”€â”€â”€â”€â”€â”€â”€â”€â”€â”€â”€â”€â”€â”€â”€â”€â”€â”€â”€â”€â”€â”€â”€â”€â”€â”€â”€â”€â”€â”€â”€â”€â”€â”€â”€â”€â”€â”€â”€â”€â”€â”€â”€â”€â”€â”€â”€â”€â”€â”€â”€â”€â”¤
â”‚                                                             â”‚
â”‚ ğŸ“ˆ Ø§Ù„Ø¥Ø­ØµØ§Ø¦ÙŠØ§Øª Ø§Ù„Ø³Ø±ÙŠØ¹Ø©                                      â”‚
â”‚ â”Œâ”€â”€â”€â”€â”€â”€â”€â”€â”€â”€â”€â”€â”€â” â”Œâ”€â”€â”€â”€â”€â”€â”€â”€â”€â”€â”€â”€â”€â” â”Œâ”€â”€â”€â”€â”€â”€â”€â”€â”€â”€â”€â”€â”€â” â”Œâ”€â”€â”€â”€â”€â”€â”€â”€â”€â”  â”‚
â”‚ â”‚Ø§Ù„Ù…Ø³ØªØ®Ø¯Ù…ÙŠÙ†  â”‚ â”‚ Ø§Ù„Ù…Ù†ØªØ¬Ø§Øª    â”‚ â”‚Ø§Ù„Ø·Ù„Ø¨Ø§Øª      â”‚ â”‚ Ø§Ù„Ù…Ø¨ÙŠØ¹Ø§Øªâ”‚  â”‚
â”‚ â”‚     5      â”‚ â”‚     25      â”‚ â”‚    147     â”‚ â”‚ $25,430â”‚  â”‚
â”‚ â”‚  +2 Ù‡Ø°Ø§ Ø§Ù„Ø£Ø³Ø¨ÙˆØ¹â”‚ â”‚ +5 Ù‡Ø°Ø§ Ø§Ù„Ø´Ù‡Ø± â”‚ â”‚ +12 Ø§Ù„ÙŠÙˆÙ… â”‚ â”‚ +8%æ˜¨å¤© â”‚  â”‚
â”‚ â””â”€â”€â”€â”€â”€â”€â”€â”€â”€â”€â”€â”€â”€â”˜ â””â”€â”€â”€â”€â”€â”€â”€â”€â”€â”€â”€â”€â”€â”˜ â””â”€â”€â”€â”€â”€â”€â”€â”€â”€â”€â”€â”€â”€â”˜ â””â”€â”€â”€â”€â”€â”€â”€â”€â”€â”˜  â”‚
â”‚                                                             â”‚
â”‚ ğŸ“‹ Ø§Ù„Ø·Ù„Ø¨Ø§Øª Ø§Ù„Ø­Ø¯ÙŠØ«Ø©                                        â”‚
â”‚ â”Œâ”€â”€â”€â”€â”€â”€â”€â”€â”€â”€â”€â”€â”€â”€â”€â”€â”€â”€â”€â”€â”€â”€â”€â”€â”€â”€â”€â”€â”€â”€â”€â”€â”€â”€â”€â”€â”€â”€â”€â”€â”€â”€â”€â”€â”€â”€â”€â”€â”€â”€â”€â”€â”€â”€â”€â”€â”€â”  â”‚
â”‚ â”‚ #1023 | Ø£Ø­Ù…Ø¯ Ù…Ø­Ù…Ø¯    | $450.00   | ÙÙŠ Ø§Ù„Ø§Ù†ØªØ¸Ø§Ø±    â”‚  â”‚
â”‚ â”‚ #1022 | ÙØ§Ø·Ù…Ø© Ø¹Ù„ÙŠ    | $230.50   | Ø¬Ø§Ø±ÙŠ Ø§Ù„ØªØ¬Ù‡ÙŠØ²   â”‚  â”‚
â”‚ â”‚ #1021 | Ù…Ø­Ù…Ø¯ Ø£Ø­Ù…Ø¯    | $890.00   | ØªÙ… Ø§Ù„ØªØ³Ù„ÙŠÙ…     â”‚  â”‚
â”‚ â””â”€â”€â”€â”€â”€â”€â”€â”€â”€â”€â”€â”€â”€â”€â”€â”€â”€â”€â”€â”€â”€â”€â”€â”€â”€â”€â”€â”€â”€â”€â”€â”€â”€â”€â”€â”€â”€â”€â”€â”€â”€â”€â”€â”€â”€â”€â”€â”€â”€â”€â”€â”€â”€â”€â”€â”€â”€â”˜  â”‚
â”‚                                                             â”‚
â”‚ ğŸ¯ Ø§Ù„Ù…Ù‡Ø§Ù… Ø§Ù„Ø³Ø±ÙŠØ¹Ø©                                         â”‚
â”‚ â€¢ Ø¥Ø¶Ø§ÙØ© Ù…Ù†ØªØ¬ Ø¬Ø¯ÙŠØ¯      â€¢ Ø¥Ù†Ø´Ø§Ø¡ Ø·Ù„Ø¨    â€¢ Ø¹Ø±Ø¶ Ø§Ù„ØªÙ‚Ø§Ø±ÙŠØ±   â”‚
â”‚ â€¢ Ø¥Ø¯Ø§Ø±Ø© Ø§Ù„Ù…Ø³ØªØ®Ø¯Ù…ÙŠÙ†     â€¢ Ø¥Ø¹Ø¯Ø§Ø¯Ø§Øª Ø§Ù„Ù†Ø¸Ø§Ù…  â€¢ Ù†Ø³Ø® Ø§Ø­ØªÙŠØ§Ø·ÙŠØ© â”‚
â”‚                                                             â”‚
â””â”€â”€â”€â”€â”€â”€â”€â”€â”€â”€â”€â”€â”€â”€â”€â”€â”€â”€â”€â”€â”€â”€â”€â”€â”€â”€â”€â”€â”€â”€â”€â”€â”€â”€â”€â”€â”€â”€â”€â”€â”€â”€â”€â”€â”€â”€â”€â”€â”€â”€â”€â”€â”€â”€â”€â”€â”€â”€â”€â”€â”€â”˜
```

### 4. Ù‚Ø§Ø¦Ù…Ø© Ø§Ù„ØªÙ†Ù‚Ù„

```
â”Œâ”€â”€â”€â”€â”€â”€â”€â”€â”€â”€â”€â”€â”€â”€â”€â”€â”€â”€â”€â”€â”€â”€â”€â”€â”€â”€â”€â”€â”€â”€â”€â”€â”€â”€â”€â”€â”€â”€â”€â”€â”€â”€â”€â”€â”€â”€â”€â”€â”€â”€â”€â”€â”€â”€â”€â”€â”€â”€â”€â”€â”€â”
                        ğŸ“‹ Ø§Ù„Ù‚Ø§Ø¦Ù…Ø© Ø§Ù„Ø±Ø¦ÙŠØ³ÙŠØ©
â”œâ”€â”€â”€â”€â”€â”€â”€â”€â”€â”€â”€â”€â”€â”€â”€â”€â”€â”€â”€â”€â”€â”€â”€â”€â”€â”€â”€â”€â”€â”€â”€â”€â”€â”€â”€â”€â”€â”€â”€â”€â”€â”€â”€â”€â”€â”€â”€â”€â”€â”€â”€â”€â”€â”€â”€â”€â”€â”€â”€â”€â”€â”¤
â”‚ ğŸ  Dashboard          â”‚ ğŸ“Š Ø§Ù„ØªÙ‚Ø§Ø±ÙŠØ± & Ø§Ù„ØªØ­Ù„ÙŠÙ„           â”‚
â”‚ ğŸ‘¥ Ø¥Ø¯Ø§Ø±Ø© Ø§Ù„Ù…Ø³ØªØ®Ø¯Ù…ÙŠÙ†    â”‚ âš™ï¸ Ø¥Ø¹Ø¯Ø§Ø¯Ø§Øª Ø§Ù„Ù†Ø¸Ø§Ù…             â”‚
â”‚ â€¢ Ù‚Ø§Ø¦Ù…Ø© Ø§Ù„Ù…Ø³ØªØ®Ø¯Ù…ÙŠÙ†    â”‚ â€¢ Ø¥Ø¹Ø¯Ø§Ø¯Ø§Øª Ø¹Ø§Ù…Ø©                 â”‚
â”‚ â€¢ Ø¥Ø¶Ø§ÙØ© Ù…Ø³ØªØ®Ø¯Ù…       â”‚ â€¢ Ø¥Ø¹Ø¯Ø§Ø¯Ø§Øª Ø§Ù„Ø£Ù…Ø§Ù†               â”‚
â”‚ â€¢ Ø§Ù„Ø£Ø¯ÙˆØ§Ø± ÙˆØ§Ù„ØµÙ„Ø§Ø­ÙŠØ§Øª â”‚ â€¢ Ø¥Ø¹Ø¯Ø§Ø¯Ø§Øª Ø§Ù„Ø¨Ø±ÙŠØ¯               â”‚
â”‚                      â”‚ â€¢ Ø¥Ø¹Ø¯Ø§Ø¯Ø§Øª Ù‚Ø§Ø¹Ø¯Ø© Ø§Ù„Ø¨ÙŠØ§Ù†Ø§Øª      â”‚
â”‚ ğŸ›ï¸ Ø¥Ø¯Ø§Ø±Ø© Ø§Ù„Ù…Ø¨ÙŠØ¹Ø§Øª      â”‚ ğŸ”’ Ø§Ù„Ø£Ù…Ø§Ù†                      â”‚
â”‚ â€¢ Ø§Ù„Ù…Ù†ØªØ¬Ø§Øª           â”‚ â€¢ Ø³Ø¬Ù„ Ø§Ù„Ø£Ù†Ø´Ø·Ø©                  â”‚
â”‚ â€¢ Ø§Ù„Ø·Ù„Ø¨Ø§Øª            â”‚ â€¢ Ø¬Ù„Ø³Ø§Øª Ø§Ù„Ù…Ø³ØªØ®Ø¯Ù…ÙŠÙ†            â”‚
â”‚ â€¢ Ø§Ù„Ø¹Ù…Ù„Ø§Ø¡            â”‚ â€¢ Ø¥Ø¹Ø¯Ø§Ø¯Ø§Øª Ø§Ù„Ø£Ù…Ø§Ù†               â”‚
â”‚ â€¢ Ø§Ù„Ù…ÙˆØ±Ø¯ÙŠÙ†           â”‚ â€¢ Ù†Ø³Ø® Ø§Ø­ØªÙŠØ§Ø·ÙŠØ©                â”‚
â”‚                      â”‚                                â”‚
â”‚ ğŸ’° Ø§Ù„Ù…Ø§Ù„ÙŠØ©           â”‚ ğŸ“ˆ Ø§Ù„ØªØ­Ù„ÙŠÙ„Ø§Øª                   â”‚
â”‚ â€¢ Ø§Ù„ÙÙˆØ§ØªÙŠØ±            â”‚ â€¢ Ø¥Ø­ØµØ§Ø¦ÙŠØ§Øª Ø§Ù„Ù…Ø¨ÙŠØ¹Ø§Øª           â”‚
â”‚ â€¢ Ø§Ù„Ù…Ø¯ÙÙˆØ¹Ø§Øª           â”‚ â€¢ ØªØ­Ù„ÙŠÙ„ Ø§Ù„Ø£Ø¯Ø§Ø¡                â”‚
â”‚ â€¢ Ø§Ù„ØªØ³Ø¹ÙŠØ±             â”‚ â€¢ ØªÙ‚Ø§Ø±ÙŠØ± Ù…Ø®ØµØµØ©               â”‚
â”‚                      â”‚                                â”‚
â”‚ ğŸ¢ Ø¥Ø¯Ø§Ø±Ø© Ø§Ù„Ù…Ø®Ø§Ø²Ù†      â”‚ ğŸ’¡ Ø§Ù„Ù…Ø³Ø§Ø¹Ø¯Ø©                    â”‚
â”‚ â€¢ Ø§Ù„Ù…Ø®Ø§Ø²Ù†             â”‚ â€¢ Ø¯Ù„ÙŠÙ„ Ø§Ù„Ù…Ø³ØªØ®Ø¯Ù…              â”‚
â”‚ â€¢ Ø§Ù„Ù…Ø®Ø²ÙˆÙ†            â”‚ â€¢ Ø§Ù„Ø¯Ø¹Ù… Ø§Ù„ØªÙ‚Ù†ÙŠ                â”‚
â”‚ â€¢ Ø­Ø±ÙƒØ© Ø§Ù„Ø¨Ø¶Ø§Ø¦Ø¹       â”‚ â€¢ ØªØ­Ø¯ÙŠØ«Ø§Øª Ø§Ù„Ù†Ø¸Ø§Ù…              â”‚
â”‚ â€¢ Ø§Ù„ØªØ­ÙˆÙŠÙ„Ø§Øª          â”‚                                â”‚
â””â”€â”€â”€â”€â”€â”€â”€â”€â”€â”€â”€â”€â”€â”€â”€â”€â”€â”€â”€â”€â”€â”€â”€â”€â”€â”€â”€â”€â”€â”€â”€â”€â”€â”€â”€â”€â”€â”€â”€â”€â”€â”€â”€â”€â”€â”€â”€â”€â”€â”€â”€â”€â”€â”€â”€â”€â”€â”€â”€â”€â”€â”˜
```

---

## ğŸ”— ÙØ­Øµ API ÙˆØ§Ù„Ø®Ø¯Ù…Ø§Øª

### 1. ÙØ­Øµ ÙˆØ§Ø¬Ù‡Ø© API

```bash
# Ø¹Ø±Ø¶ Ø¬Ù…ÙŠØ¹ routes
$ php artisan route:list
GET|HEAD  | api/user ............ App\Http\Controllers\UserController@index
POST      | api/user ............ App\Http\Controllers\UserController@store
GET|HEAD  | api/user/{user} ..... App\Http\Controllers\UserController@show
PUT|PATCH | api/user/{user} ..... App\Http\Controllers\UserController@update
DELETE    | api/api/{user} ...... App\Http\Controllers\UserController@destroy

GET|HEAD  | api/products ........ App\Http\Controllers\ProductController@index
POST      | api/products ........ App\Http\Controllers\ProductController@store
GET|HEAD  | api/products/{id} ... App\Http\Controllers\ProductController@show
PUT|PATCH | api/products/{id} ... App\Http\Controllers\ProductController@update
DELETE    | api/products/{id} ... App\Http\Controllers\ProductController@destroy

GET|HEAD  | api/orders .......... App\Http\Controllers\OrderController@index
POST      | api/orders .......... App\Http\Controllers\OrderController@store
GET|HEAD  | api/orders/{id} ..... App\Http\Controllers\OrderController@show
PUT|PATCH | api/orders/{id} ..... App\Http\Controllers\OrderController@update
DELETE    | api/orders/{id} ..... App\Http\Controllers\OrderController@destroy
```

### 2. Ø§Ø®ØªØ¨Ø§Ø± API endpoints

```bash
# Ø§Ù„Ø­ØµÙˆÙ„ Ø¹Ù„Ù‰ Ø§Ù„Ù…Ù†ØªØ¬Ø§Øª
$ curl -H "Authorization: Bearer $TOKEN" \
  http://localhost:8000/api/products

{
  "data": [
    {
      "id": 1,
      "name": "ÙƒÙ…Ø¨ÙŠÙˆØªØ± Ù…Ø­Ù…ÙˆÙ„",
      "description": "Ø¬Ù‡Ø§Ø² ÙƒÙ…Ø¨ÙŠÙˆØªØ± Ù…Ø­Ù…ÙˆÙ„ Ø¹Ø§Ù„ÙŠ Ø§Ù„Ø£Ø¯Ø§Ø¡",
      "price": 1200.00,
      "category": {
        "id": 1,
        "name": "Ø£Ø¬Ù‡Ø²Ø©"
      },
      "stock": 15,
      "status": "active",
      "created_at": "2024-01-01T10:00:00Z"
    }
  ],
  "meta": {
    "current_page": 1,
    "per_page": 15,
    "total": 25,
    "last_page": 2
  }
}

# Ø¥Ù†Ø´Ø§Ø¡ Ø·Ù„Ø¨ Ø¬Ø¯ÙŠØ¯
$ curl -X POST http://localhost:8000/api/orders \
  -H "Authorization: Bearer $TOKEN" \
  -H "Content-Type: application/json" \
  -d '{
    "customer_id": 1,
    "items": [
      {
        "product_id": 1,
        "quantity": 2,
        "price": 1200.00
      }
    ]
  }'

{
  "data": {
    "id": 1024,
    "order_number": "ORD-2024-001024",
    "customer": {
      "id": 1,
      "name": "Ø£Ø­Ù…Ø¯ Ù…Ø­Ù…Ø¯"
    },
    "status": "pending",
    "total_amount": 2400.00,
    "items": [
      {
        "id": 1,
        "product": "ÙƒÙ…Ø¨ÙŠÙˆØªØ± Ù…Ø­Ù…ÙˆÙ„",
        "quantity": 2,
        "unit_price": 1200.00,
        "total": 2400.00
      }
    ],
    "created_at": "2024-01-01T12:00:00Z"
  }
}
```

---

## ğŸ› ï¸ Ø­Ù„ Ù…Ø´Ø§ÙƒÙ„ Ø­Ù‚ÙŠÙ‚ÙŠØ©

### 1. Ù…Ø´ÙƒÙ„Ø©: Ø®Ø·Ø£ ÙÙŠ Ù‚Ø§Ø¹Ø¯Ø© Ø§Ù„Ø¨ÙŠØ§Ù†Ø§Øª

```bash
$ php artisan migrate
   Illuminate\Database\QueryException 
   SQLSTATE[HY000] [2002] Connection refused
   (SQL: select * from information_schema.tables where table_schema = v5_development)
```

**Ø§Ù„Ø­Ù„:**
```bash
$ mysql -u v5_user -p v5_development
Enter password: ***

ERROR 1045 (28000): Access denied for user 'v5_user'@'localhost'

# Ø¥ØµÙ„Ø§Ø­ ÙƒÙ„Ù…Ø© Ø§Ù„Ù…Ø±ÙˆØ±
$ mysql -u root -p
mysql> ALTER USER 'v5_user'@'localhost' IDENTIFIED BY 'v5_dev_password_123';
Query OK, 0 rows affected (0.05 sec)

mysql> FLUSH PRIVILEGES;
Query OK, 0 rows affected (0.03 sec)

mysql> EXIT;

# Ø¥Ø¹Ø§Ø¯Ø© ØªØ´ØºÙŠÙ„ migration
$ php artisan migrate
INFO  Running migrations.  
  2024_01_01_000000_create_users_table ................. 45ms  DONE
  10 migrations have been run.
```

### 2. Ù…Ø´ÙƒÙ„Ø©: Ù…Ù†ÙØ° Ù…Ø´ØºÙˆÙ„

```bash
$ php artisan serve
   RuntimeException 
   Port 8000 is already in use.
```

**Ø§Ù„Ø­Ù„:**
```bash
# Ø§Ù„Ø¹Ø«ÙˆØ± Ø¹Ù„Ù‰ Ø§Ù„Ø¹Ù…Ù„ÙŠØ©
$ lsof -ti:8000
12345

# Ø¥Ù†Ù‡Ø§Ø¡ Ø§Ù„Ø¹Ù…Ù„ÙŠØ©
$ kill -9 12345

# Ø£Ùˆ Ø§Ø³ØªØ®Ø¯Ø§Ù… Ù…Ù†ÙØ° Ø¢Ø®Ø±
$ php artisan serve --port=8080
Laravel development server started: http://127.0.0.1:8080
```

### 3. Ù…Ø´ÙƒÙ„Ø©: Ø®Ø·Ø£ ÙÙŠ Ø§Ù„ØµÙ„Ø§Ø­ÙŠØ§Øª

```bash
$ php artisan storage:link
   RuntimeException 
   The public disk is not properly configured.
```

**Ø§Ù„Ø­Ù„:**
```bash
# Ø¥Ù†Ø´Ø§Ø¡ Ø§Ù„Ù…Ø¬Ù„Ø¯Ø§Øª Ø§Ù„Ù…Ø·Ù„ÙˆØ¨Ø©
$ mkdir -p storage/app/public

# ØªØ¹ÙŠÙŠÙ† Ø§Ù„ØµÙ„Ø§Ø­ÙŠØ§Øª
$ chmod -R 775 storage/
$ chown -R $USER:www-data storage/

# Ø¥Ø¹Ø§Ø¯Ø© Ø¥Ù†Ø´Ø§Ø¡ Ø§Ù„Ø±Ø§Ø¨Ø·
$ php artisan storage:link
The [public/storage] link has been created.

# Ø§Ù„ØªØ­Ù‚Ù‚
$ ls -la public/storage
lrwxrwxrwx 1 user user 42 Jan  1 12:00 storage -> /path/to/project/storage/app/public
```

---

## ğŸ“Š Ù…Ø±Ø§Ù‚Ø¨Ø© Ø§Ù„Ø£Ø¯Ø§Ø¡

### 1. ÙØ­Øµ Ø£Ø¯Ø§Ø¡ Ø§Ù„Ø§Ø³ØªØ¹Ù„Ø§Ù…Ø§Øª

```bash
$ php artisan tinker
Psy Shell v0.11.17 (PHP 8.2.10) by Justin Hileman

>>> DB::enableQueryLog();

>>> User::with('orders')->get();
=> Illuminate\Database\Eloquent Collection {...}

>>> $queries = DB::getQueryLog();
=> array:3 [
  0 => array:3 [
    "query" => "select * from `users`"
    "bindings" => []
    "time" => 15.2
  ]
  1 => array:3 [
    "query" => "select * from `orders` where `orders`.`user_id` in (1, 2, 3, 4, 5)"
    "bindings" => []
    "time" => 8.7
  ]
]

>>> $totalTime = array_sum(array_column($queries, 'time'));
=> 23.9
```

### 2. Ù…Ø±Ø§Ù‚Ø¨Ø© Ø§Ø³ØªØ®Ø¯Ø§Ù… Ø§Ù„Ø°Ø§ÙƒØ±Ø©

```bash
$ php artisan tinker
Psy Shell v0.11.17 (PHP 8.2.10) by Justin Hileman

>>> memory_get_usage(true) / 1024 / 1024;
=> 12.5

>>> memory_get_peak_usage(true) / 1024 / 1024;
=> 18.2

>>> gc_collect_cycles();
=> 156

>>> memory_get_usage(true) / 1024 / 1024;
=> 11.8
```

### 3. ÙØ­Øµ Ø§Ø³ØªØ¬Ø§Ø¨Ø© Ø§Ù„Ø®Ø§Ø¯Ù…

```bash
$ time curl -s http://localhost:8000 > /dev/null
real    0m0.045s
user    0m0.012s
sys     0m0.008s

# Ø§Ø®ØªØ¨Ø§Ø± Ù…ØªØ¹Ø¯Ø¯Ø© Ø§Ù„Ø·Ù„Ø¨Ø§Øª
$ for i in {1..10}; do
  echo "Request $i:"
  time curl -s http://localhost:8000 > /dev/null
done

Request 1: real 0m0.045s
Request 2: real 0m0.038s
Request 3: real 0m0.041s
...
Request 10: real 0m0.043s

Average: 0.042s
```

### 4. Ù…Ø±Ø§Ù‚Ø¨Ø© Ù‚Ø§Ø¹Ø¯Ø© Ø§Ù„Ø¨ÙŠØ§Ù†Ø§Øª

```bash
$ mysql -u v5_user -p v5_development -e "
SELECT 
  table_name AS 'Table',
  ROUND(((data_length + index_length) / 1024 / 1024), 2) AS 'Size (MB)'
FROM information_schema.TABLES 
WHERE table_schema = 'v5_development'
ORDER BY (data_length + index_length) DESC;"

Table                 | Size (MB)
----------------------|----------
users                 | 2.45
products              | 8.12
orders                | 15.67
order_items           | 23.41
customers             | 1.89
invoices              | 12.34
Total                 | 63.88
```

---

## ğŸ”’ ÙØ­Øµ Ø§Ù„Ø£Ù…Ø§Ù†

### 1. ÙØ­Øµ Ø§Ù„Ø«ØºØ±Ø§Øª Ø§Ù„Ø£Ù…Ù†ÙŠØ©

```bash
$ composer audit
Found 1 security vulnerability affecting 1 package:
Package: symfony/http-foundation
Title: HTTP Request method validation bypass
Reference: https://github.com/advisories/GHSA-wffm-3w9p-2x78
Fixed in: v6.4.1/v7.0.1
Security: This vulnerability is of type CWE-20: Improper Input Validation

$ composer update
Updating dependencies
Lock file operations: 1 install, 2 updates, 0 removals
  - Updating symfony/http-foundation (v6.3.8 => v6.4.1)

$ composer audit
No security vulnerability advisories found
```

### 2. ÙØ­Øµ Ø¥Ø¹Ø¯Ø§Ø¯Ø§Øª Ø§Ù„Ø£Ù…Ø§Ù†

```bash
$ php artisan security:check
ğŸ”’ ÙØ­Øµ Ø¥Ø¹Ø¯Ø§Ø¯Ø§Øª Ø§Ù„Ø£Ù…Ø§Ù†:

âœ… APP_KEY Ù…ÙÙˆÙ„Ø¯
âŒ SESSION_SECURE_COOKIE ØºÙŠØ± Ù…ÙÙØ¹Ù„
âš ï¸  APP_DEBUG ÙŠØ¬Ø¨ Ø£Ù† ÙŠÙƒÙˆÙ† false ÙÙŠ Ø§Ù„Ø¥Ù†ØªØ§Ø¬
âœ… CSRF protection Ù…ÙÙØ¹Ù„
âœ… SQL injection protection Ù…ÙÙØ¹Ù„
âŒ Rate limiting ØºÙŠØ± Ù…ÙÙØ¹Ù„

ğŸ“Š Ù†Ù‚Ø§Ø· Ø§Ù„Ø£Ù…Ø§Ù†: 3/6

ğŸ’¡ Ø§Ù‚ØªØ±Ø§Ø­Ø§Øª:
- ÙØ¹Ù„ SESSION_SECURE_COOKIE=true
- ÙØ¹Ù„ Rate limiting
- ÙØ¹Ù„ APP_DEBUG=false ÙÙŠ Ø§Ù„Ø¥Ù†ØªØ§Ø¬
- ÙØ¹Ù„ HTTPS
```

### 3. ÙØ­Øµ ÙƒÙ„Ù…Ø§Øª Ø§Ù„Ù…Ø±ÙˆØ± Ø§Ù„Ø¶Ø¹ÙŠÙØ©

```bash
$ php artisan tinker
Psy Shell v0.11.17 (PHP 8.2.10) by Justin Hileman

>>> $weakPasswords = User::whereRaw("LENGTH(password) < 60")->get();
=> Illuminate\Database\Eloquent Collection {...}

>>> foreach ($weakPasswords as $user) {
...   echo $user->email . " has weak password\n";
... }
admin@v5-system.com has weak password
dev@v5-system.com has weak password

>>> $usersWithCommonPasswords = User::whereIn('password', [
...   Hash::make('123456'),
...   Hash::make('password'),
...   Hash::make('admin')
... ])->get();
=> Illuminate\Database\Eloquent Collection {...}

>>> foreach ($usersWithCommonPasswords as $user) {
...   echo $user->email . " uses common password\n";
... }
test@example.com uses common password
```

---

## ğŸ“Š Ø¥Ù†Ø´Ø§Ø¡ Ø¨ÙŠØ§Ù†Ø§Øª ØªØ¬Ø±ÙŠØ¨ÙŠØ©

### 1. Ø¥Ù†Ø´Ø§Ø¡ Ù…Ø³ØªØ®Ø¯Ù…ÙŠÙ† ØªØ¬Ø±ÙŠØ¨ÙŠÙŠÙ†

```bash
$ php artisan make:seeder DemoDataSeeder
Seeder created successfully.

$ php artisan db:seed --class=DemoDataSeeder
Database seeding completed successfully.

$ php artisan tinker
Psy Shell v0.11.17 (PHP 8.2.10) by Justin Hileman

>>> User::count();
=> 5

>>> User::where('role', 'admin')->get();
=> Illuminate\Database\Eloquent Collection {#4752
     all: [
       App\Models\User {#4753
         "id": 1,
         "name": "Ù…Ø¯ÙŠØ± Ø§Ù„Ù†Ø¸Ø§Ù…",
         "email": "admin@v5-system.com",
         "username": "admin",
         "role": "admin",
         "status": "active",
       },
     ],
   }
```

### 2. Ø¥Ù†Ø´Ø§Ø¡ Ù…Ù†ØªØ¬Ø§Øª ØªØ¬Ø±ÙŠØ¨ÙŠØ©

```bash
$ php artisan tinker
Psy Shell v0.11.17 (PHP 8.2.10) by Justin Hileman

>>> Product::factory()->count(50)->create();
=> Illuminate\Database\Eloquent Collection {...}

>>> Product::count();
=> 50
```

### 3. Ø¥Ù†Ø´Ø§Ø¡ Ø·Ù„Ø¨Ø§Øª ØªØ¬Ø±ÙŠØ¨ÙŠØ©

```bash
$ php artisan tinker
Psy Shell v0.11.17 (PHP 8.2.10) by Justin Hileman

>>> Order::factory()->count(100)->create();
=> Illuminate\Database\Eloquent Collection {...}

>>> Order::count();
=> 100
```

### 4. Ø¥Ø­ØµØ§Ø¦ÙŠØ§Øª Ø§Ù„Ø¨ÙŠØ§Ù†Ø§Øª Ø§Ù„Ù…ÙÙ†Ø´Ø£Ø©

```bash
$ php artisan tinker
Psy Shell v0.11.17 (PHP 8.2.10) by Justin Hileman

>>> echo "Ø¥Ø­ØµØ§Ø¦ÙŠØ§Øª Ø§Ù„Ø¨ÙŠØ§Ù†Ø§Øª Ø§Ù„ØªØ¬Ø±ÙŠØ¨ÙŠØ©:\n";
>>> echo "Ø§Ù„Ù…Ø³ØªØ®Ø¯Ù…ÙŠÙ†: " . User::count() . "\n";
>>> echo "Ø§Ù„Ù…Ù†ØªØ¬Ø§Øª: " . Product::count() . "\n";
>>> echo "Ø§Ù„Ø·Ù„Ø¨Ø§Øª: " . Order::count() . "\n";
>>> echo "Ø§Ù„Ø¹Ù…Ù„Ø§Ø¡: " . Customer::count() . "\n";
>>> echo "Ø§Ù„ÙÙˆØ§ØªÙŠØ±: " . Invoice::count() . "\n";

Ø¥Ø­ØµØ§Ø¦ÙŠØ§Øª Ø§Ù„Ø¨ÙŠØ§Ù†Ø§Øª Ø§Ù„ØªØ¬Ø±ÙŠØ¨ÙŠØ©:
Ø§Ù„Ù…Ø³ØªØ®Ø¯Ù…ÙŠÙ†: 5
Ø§Ù„Ù…Ù†ØªØ¬Ø§Øª: 50
Ø§Ù„Ø·Ù„Ø¨Ø§Øª: 100
Ø§Ù„Ø¹Ù…Ù„Ø§Ø¡: 25
Ø§Ù„ÙÙˆØ§ØªÙŠØ±: 75
```

---

## ğŸ¯ Ù…Ø«Ø§Ù„ Ø´Ø§Ù…Ù„ Ù„Ù„Ø§Ø³ØªØ®Ø¯Ø§Ù…

### Ø³ÙŠÙ†Ø§Ø±ÙŠÙˆ: ÙŠÙˆÙ… ÙÙŠ Ø­ÙŠØ§Ø© Ù…Ø·ÙˆØ± ÙŠØ³ØªØ®Ø¯Ù… V5

```bash
# ==================== Ø¨Ø¯Ø§ÙŠØ© Ø§Ù„ÙŠÙˆÙ… ====================
$ date && echo "ğŸ”„ Ø¨Ø¯Ø¡ ÙŠÙˆÙ… Ø§Ù„Ø¹Ù…Ù„"
Mon Jan  1 09:00:00 +03 2024
ğŸ”„ Ø¨Ø¯Ø¡ ÙŠÙˆÙ… Ø§Ù„Ø¹Ù…Ù„

# ÙØ­Øµ Ø­Ø§Ù„Ø© Ø§Ù„Ù†Ø¸Ø§Ù…
$ ./scripts/system-health-check.sh
ğŸ” ÙØ­Øµ ØµØ­Ø© Ø§Ù„Ù†Ø¸Ø§Ù… - Mon Jan  1 09:00:00 +03 2024
========================================
ğŸ’¾ Ø§Ø³ØªØ®Ø¯Ø§Ù… Ø§Ù„Ø°Ø§ÙƒØ±Ø©:
              total        used        free      shared  buff/cache   available
Mem:           8.0G        3.2G        2.1G        0.2G        2.7G        4.3G

ğŸ’¿ Ø§Ø³ØªØ®Ø¯Ø§Ù… Ø§Ù„Ù…Ø³Ø§Ø­Ø©:
Filesystem      Size  Used Avail Use% Mounted on
/dev/sda1       100G   45G   55G  45% /

ğŸ”Œ Ø§Ù„Ù…Ù†Ø§ÙØ° Ø§Ù„Ù…ÙØªÙˆØ­Ø©:
tcp6  0  0  0.0.0.0:8000  :::*  LISTEN  12345/php
tcp6  0  0  0.0.0.0:5173  :::*  LISTEN  12346/node

ğŸ—„ï¸ ÙØ­Øµ Ù‚Ø§Ø¹Ø¯Ø© Ø§Ù„Ø¨ÙŠØ§Ù†Ø§Øª:
DB Connection: OK

âš¡ ÙØ­Øµ Cache:
Cache Driver: file
Cache Test: OK

âœ… Ø§Ù†ØªÙ‡Ù‰ Ø§Ù„ÙØ­Øµ

# ==================== ØªØ·ÙˆÙŠØ± Ù…ÙŠØ²Ø© Ø¬Ø¯ÙŠØ¯Ø© ====================
$ git checkout -b feature/improved-dashboard
Switched to a new branch 'feature/improved-dashboard'

# Ø¥Ù†Ø´Ø§Ø¡ controller Ø¬Ø¯ÙŠØ¯
$ php artisan make:controller DashboardController
Controller created successfully.

# Ø¥Ø¶Ø§ÙØ© endpoint Ø¬Ø¯ÙŠØ¯
$ php artisan route:list | grep dashboard
GET|HEAD  | dashboard ................... App\Http\Controllers\DashboardController@index

# Ø§Ø®ØªØ¨Ø§Ø± Ø§Ù„Ù€ controller
$ curl http://localhost:8000/dashboard
{
  "message": "Dashboard data retrieved successfully",
  "data": {
    "total_users": 25,
    "total_products": 150,
    "total_orders": 340,
    "revenue": 45890.50,
    "trends": {
      "users_growth": "+12%",
      "orders_growth": "+8%",
      "revenue_growth": "+15%"
    }
  }
}

# ==================== ØªØ´ØºÙŠÙ„ Ø§Ù„Ø§Ø®ØªØ¨Ø§Ø±Ø§Øª ====================
$ php artisan test
   PASS  Tests\Unit\UserTest
  âœ“ user can be created with valid data                           0.05s
  âœ“ user cannot be created with invalid email                     0.02s
  âœ“ user has default role                                         0.01s

   PASS  Tests\Feature\DashboardTest
  âœ“ dashboard endpoint returns success response                   0.12s
  âœ“ dashboard returns correct data structure                      0.08s
  âœ“ unauthorized user cannot access dashboard                     0.05s

  Tests:  6 passed (6 assertions)
  Duration: 0.33s

# ==================== ÙØ­Øµ Ø§Ù„Ø£Ù…Ø§Ù† ====================
$ composer audit
No security vulnerability advisories found

$ php artisan security:check
ğŸ”’ ÙØ­Øµ Ø¥Ø¹Ø¯Ø§Ø¯Ø§Øª Ø§Ù„Ø£Ù…Ø§Ù†:

âœ… APP_KEY Ù…ÙÙˆÙ„Ø¯
âœ… SESSION_SECURE_COOKIE Ù…ÙÙØ¹Ù„
âœ… APP_DEBUG Ù…ÙØ¹Ø·Ù„ ÙÙŠ Ø§Ù„Ø¥Ù†ØªØ§Ø¬
âœ… CSRF protection Ù…ÙÙØ¹Ù„
âœ… SQL injection protection Ù…ÙÙØ¹Ù„
âœ… Rate limiting Ù…ÙÙØ¹Ù„

ğŸ“Š Ù†Ù‚Ø§Ø· Ø§Ù„Ø£Ù…Ø§Ù†: 6/6

âœ… Ø¬Ù…ÙŠØ¹ Ø¥Ø¹Ø¯Ø§Ø¯Ø§Øª Ø§Ù„Ø£Ù…Ø§Ù† ØµØ­ÙŠØ­Ø©

# ==================== Ù…Ø±Ø§Ù‚Ø¨Ø© Ø§Ù„Ø£Ø¯Ø§Ø¡ ====================
$ ab -n 100 -c 10 http://localhost:8000/dashboard
This is ApacheBench, Version 2.3 <$Revision: 1879490 $>
Copyright 1996 Adam Twiss, Zeus Technology Ltd, http://www.zeustech.net/
Licensed to The Apache Software Foundation, http://www.apache.org/

Benchmarking localhost (be patient).....done

Server Software:        Laravel
Server Hostname:        localhost
Server Port:            8000

Document Path:          /dashboard
Document Length:        342 bytes

Concurrency Level:      10
Time taken for tests:   1.234 seconds
Complete requests:      100
Failed requests:        0
Total transferred:      53000 bytes
HTML transferred:       34200 bytes
Requests per second:    81.04 [#/sec] (mean)
Time per request:       123.400 [ms] (mean)
Time per request:       12.340 [ms] (mean, across all concurrent requests)
Transfer rate:          41.95 [Kbytes/sec] received

Percentage of the requests served within a certain time (ms)
  50%     120
  66%     125
  75%     130
  80%     135
  90%     145
  95%     155
  98%     165
  99%     175
 100%     180 (longest request)

# ==================== Ø¥Ù†Ø´Ø§Ø¡ ØªÙ‚Ø±ÙŠØ± ÙŠÙˆÙ…ÙŠ ====================
$ php artisan system:monitor --email=dev@v5-system.com

ğŸ” Ø¨Ø¯Ø¡ ÙØ­Øµ Ø§Ù„Ù†Ø¸Ø§Ù…...
Database: healthy
Cache: healthy
Queue: running
Memory: 45.2 MB (2.3%)
Disk: 45% used
Response Time: 0.123 seconds average

âœ… ØªÙ… Ø¥Ø±Ø³Ø§Ù„ ØªÙ‚Ø±ÙŠØ± Ø§Ù„ØµØ­Ø© Ø¥Ù„Ù‰ dev@v5-system.com

# ==================== Ø¥Ù†Ù‡Ø§Ø¡ Ø§Ù„ÙŠÙˆÙ… ====================
$ git add .
$ git commit -m "Add improved dashboard with performance metrics"
$ git push origin feature/improved-dashboard

$ echo "ğŸ‰ ØªÙ… Ø¥Ù†Ù‡Ø§Ø¡ ÙŠÙˆÙ… Ø§Ù„Ø¹Ù…Ù„ Ø¨Ù†Ø¬Ø§Ø­!"
ğŸ‰ ØªÙ… Ø¥Ù†Ù‡Ø§Ø¡ ÙŠÙˆÙ… Ø§Ù„Ø¹Ù…Ù„ Ø¨Ù†Ø¬Ø§Ø­!

$ date
Mon Jan  1 17:30:00 +03 2024
```

---

**ğŸ¯ ØªÙ„Ø®ÙŠØµ Ø§Ù„Ø£Ù…Ø«Ù„Ø©:**

Ù‡Ø°Ù‡ Ø§Ù„Ø£Ù…Ø«Ù„Ø© Ø§Ù„Ø¹Ù…Ù„ÙŠØ© ØªÙØ¸Ù‡Ø±:

1. **Ø§Ù„Ø¹Ù…Ù„ÙŠØ© Ø§Ù„ÙƒØ§Ù…Ù„Ø©** - Ù…Ù† Ø§Ù„Ø¥Ø¹Ø¯Ø§Ø¯ Ø¥Ù„Ù‰ Ø§Ù„Ø§Ø³ØªØ®Ø¯Ø§Ù…
2. **Ø§Ù„ØªØ´Ø®ÙŠØµ ÙˆØ§Ù„Ø¥ØµÙ„Ø§Ø­** - Ø­Ù„ Ø§Ù„Ù…Ø´Ø§ÙƒÙ„ Ø®Ø·ÙˆØ© Ø¨Ø®Ø·ÙˆØ©  
3. **Ø§Ù„Ù…Ø±Ø§Ù‚Ø¨Ø©** - ÙØ­Øµ Ù…Ø³ØªÙ…Ø± Ù„Ù„Ø£Ø¯Ø§Ø¡ ÙˆØ§Ù„Ø£Ù…Ø§Ù†
4. **Ø§Ù„Ø§Ø®ØªØ¨Ø§Ø±** - Ø§Ù„ØªØ£ÙƒØ¯ Ù…Ù† Ø¹Ù…Ù„ ÙƒÙ„ Ø´ÙŠØ¡ Ø¨Ø´ÙƒÙ„ ØµØ­ÙŠØ­
5. **Ø§Ù„Ø§Ø³ØªØ®Ø¯Ø§Ù… Ø§Ù„ÙŠÙˆÙ…ÙŠ** - Ø³ÙŠÙ†Ø§Ø±ÙŠÙˆÙ‡Ø§Øª ÙˆØ§Ù‚Ø¹ÙŠØ©
6. **Ø§Ù„Ø­Ù„ÙˆÙ„ Ø§Ù„Ù…ØªÙ‚Ø¯Ù…Ø©** - Ù„Ù„Ø£Ø´Ø®Ø§Øµ Ø°ÙˆÙŠ Ø§Ù„Ø®Ø¨Ø±Ø©

**ğŸ’¡ Ù†ØµØ§Ø¦Ø­ Ù„Ù„Ø§Ø³ØªÙØ§Ø¯Ø© Ø§Ù„Ù‚ØµÙˆÙ‰:**

- Ø·Ø¨Ù‚ Ù‡Ø°Ù‡ Ø§Ù„Ø£Ù…Ø«Ù„Ø© Ø¹Ù„Ù‰ Ù…Ø´Ø±ÙˆØ¹Ùƒ Ø§Ù„Ø­Ù‚ÙŠÙ‚ÙŠ
- Ø§Ø¶Ø¨Ø· Ø§Ù„Ø£ÙˆØ§Ù…Ø± Ø­Ø³Ø¨ Ø¨ÙŠØ¦ØªÙƒ
- Ø§Ø­ØªÙØ¸ Ø¨Ù…Ù„Ø§Ø­Ø¸Ø§ØªÙƒ Ø¹Ù„Ù‰ Ù…Ø§ ÙŠØ¹Ù…Ù„ ÙˆÙ…Ø§ Ù„Ø§ ÙŠØ¹Ù…Ù„
- Ø§Ø³ØªØ®Ø¯Ù… Ù‡Ø°Ù‡ Ø§Ù„Ø£Ù…Ø«Ù„Ø© ÙƒÙ…Ø±Ø¬Ø¹ ÙÙŠ Ø§Ù„Ù…Ø³ØªÙ‚Ø¨Ù„

---

**Ø¢Ø®Ø± ØªØ­Ø¯ÙŠØ«**: 2025-11-06  
**Ø±Ù‚Ù… Ø§Ù„Ø¥ØµØ¯Ø§Ø±**: 1.0  
**Ø¨ÙˆØ§Ø³Ø·Ø©**: ÙØ±ÙŠÙ‚ ØªØ·ÙˆÙŠØ± V5